======================================================================
🚀 COMPREHENSIVE DIABETES PREDICTION PIPELINE
======================================================================

📊 STEP 1: Loading Data...
----------------------------------------------------------------------
✅ Train: (700000, 26)
✅ Test: (300000, 25)
✅ Target distribution: {1.0: 436307, 0.0: 263693}

🔧 STEP 2: Feature Engineering...
----------------------------------------------------------------------
✅ Created 18 new features
✅ Total features: 44

🎯 STEP 3: Target Encoding...
----------------------------------------------------------------------
✅ Prepared data: X=(700000, 42), y=(700000,), X_test=(300000, 42)
✅ Integer columns for TE: 23

🤖 STEP 4: Model Training (5-Fold CV)...
----------------------------------------------------------------------
⚠️  Note: Using smaller sample for faster execution
    Full training would use all 700K samples
📊 Using sample: 50000 samples

📊 Fold 1/5
   XGBoost: Error - 
XGBoost Library (libxgboost.dylib) could not be loaded.
Likely causes:
  * OpenMP runtime is not installed
    - vcomp140.dll or libgomp-1.dll for Windows
    - libomp.dylib for Mac OSX
    - libgomp.so for Linux and other UNIX-like OSes
    Mac OSX users: Run `brew install libomp` to install OpenMP runtime.

  * You are running 32-bit Python on a 64-bit OS

Error message(s): ["dlopen(/Users/saba/Library/Python/3.9/lib/python/site-packages/xgboost/lib/libxgboost.dylib, 0x0006): Library not loaded: @rpath/libomp.dylib\n  Referenced from: <89AD948E-E564-3266-867D-7AF89D6488F0> /Users/saba/Library/Python/3.9/lib/python/site-packages/xgboost/lib/libxgboost.dylib\n  Reason: tried: '/opt/homebrew/opt/libomp/lib/libomp.dylib' (no such file), '/System/Volumes/Preboot/Cryptexes/OS/opt/homebrew/opt/libomp/lib/libomp.dylib' (no such file), '/opt/homebrew/opt/libomp/lib/libomp.dylib' (no such file), '/System/Volumes/Preboot/Cryptexes/OS/opt/homebrew/opt/libomp/lib/libomp.dylib' (no such file)"]

   LightGBM: Error - dlopen(/Users/saba/Library/Python/3.9/lib/python/site-packages/lightgbm/lib/lib_lightgbm.dylib, 0x0006): Library not loaded: @rpath/libomp.dylib
  Referenced from: <D44045CD-B874-3A27-9A61-F131D99AACE4> /Users/saba/Library/Python/3.9/lib/python/site-packages/lightgbm/lib/lib_lightgbm.dylib
  Reason: tried: '/opt/homebrew/opt/libomp/lib/libomp.dylib' (no such file), '/System/Volumes/Preboot/Cryptexes/OS/opt/homebrew/opt/libomp/lib/libomp.dylib' (no such file), '/opt/local/lib/libomp/libomp.dylib' (no such file), '/System/Volumes/Preboot/Cryptexes/OS/opt/local/lib/libomp/libomp.dylib' (no such file), '/opt/homebrew/opt/libomp/lib/libomp.dylib' (no such file), '/System/Volumes/Preboot/Cryptexes/OS/opt/homebrew/opt/libomp/lib/libomp.dylib' (no such file), '/opt/local/lib/libomp/libomp.dylib' (no such file), '/System/Volumes/Preboot/Cryptexes/OS/opt/local/lib/libomp/libomp.dylib' (no such file)
   CatBoost AUC: 0.71177

📊 Fold 2/5
   XGBoost: Error - 
XGBoost Library (libxgboost.dylib) could not be loaded.
Likely causes:
  * OpenMP runtime is not installed
    - vcomp140.dll or libgomp-1.dll for Windows
    - libomp.dylib for Mac OSX
    - libgomp.so for Linux and other UNIX-like OSes
    Mac OSX users: Run `brew install libomp` to install OpenMP runtime.

  * You are running 32-bit Python on a 64-bit OS

Error message(s): ["dlopen(/Users/saba/Library/Python/3.9/lib/python/site-packages/xgboost/lib/libxgboost.dylib, 0x0006): Library not loaded: @rpath/libomp.dylib\n  Referenced from: <89AD948E-E564-3266-867D-7AF89D6488F0> /Users/saba/Library/Python/3.9/lib/python/site-packages/xgboost/lib/libxgboost.dylib\n  Reason: tried: '/opt/homebrew/opt/libomp/lib/libomp.dylib' (no such file), '/System/Volumes/Preboot/Cryptexes/OS/opt/homebrew/opt/libomp/lib/libomp.dylib' (no such file), '/opt/homebrew/opt/libomp/lib/libomp.dylib' (no such file), '/System/Volumes/Preboot/Cryptexes/OS/opt/homebrew/opt/libomp/lib/libomp.dylib' (no such file)"]

   LightGBM: Error - dlopen(/Users/saba/Library/Python/3.9/lib/python/site-packages/lightgbm/lib/lib_lightgbm.dylib, 0x0006): Library not loaded: @rpath/libomp.dylib
  Referenced from: <D44045CD-B874-3A27-9A61-F131D99AACE4> /Users/saba/Library/Python/3.9/lib/python/site-packages/lightgbm/lib/lib_lightgbm.dylib
  Reason: tried: '/opt/homebrew/opt/libomp/lib/libomp.dylib' (no such file), '/System/Volumes/Preboot/Cryptexes/OS/opt/homebrew/opt/libomp/lib/libomp.dylib' (no such file), '/opt/local/lib/libomp/libomp.dylib' (no such file), '/System/Volumes/Preboot/Cryptexes/OS/opt/local/lib/libomp/libomp.dylib' (no such file), '/opt/homebrew/opt/libomp/lib/libomp.dylib' (no such file), '/System/Volumes/Preboot/Cryptexes/OS/opt/homebrew/opt/libomp/lib/libomp.dylib' (no such file), '/opt/local/lib/libomp/libomp.dylib' (no such file), '/System/Volumes/Preboot/Cryptexes/OS/opt/local/lib/libomp/libomp.dylib' (no such file)
   CatBoost AUC: 0.71938

📊 Fold 3/5
   XGBoost: Error - 
XGBoost Library (libxgboost.dylib) could not be loaded.
Likely causes:
  * OpenMP runtime is not installed
    - vcomp140.dll or libgomp-1.dll for Windows
    - libomp.dylib for Mac OSX
    - libgomp.so for Linux and other UNIX-like OSes
    Mac OSX users: Run `brew install libomp` to install OpenMP runtime.

  * You are running 32-bit Python on a 64-bit OS

Error message(s): ["dlopen(/Users/saba/Library/Python/3.9/lib/python/site-packages/xgboost/lib/libxgboost.dylib, 0x0006): Library not loaded: @rpath/libomp.dylib\n  Referenced from: <89AD948E-E564-3266-867D-7AF89D6488F0> /Users/saba/Library/Python/3.9/lib/python/site-packages/xgboost/lib/libxgboost.dylib\n  Reason: tried: '/opt/homebrew/opt/libomp/lib/libomp.dylib' (no such file), '/System/Volumes/Preboot/Cryptexes/OS/opt/homebrew/opt/libomp/lib/libomp.dylib' (no such file), '/opt/homebrew/opt/libomp/lib/libomp.dylib' (no such file), '/System/Volumes/Preboot/Cryptexes/OS/opt/homebrew/opt/libomp/lib/libomp.dylib' (no such file)"]

   LightGBM: Error - dlopen(/Users/saba/Library/Python/3.9/lib/python/site-packages/lightgbm/lib/lib_lightgbm.dylib, 0x0006): Library not loaded: @rpath/libomp.dylib
  Referenced from: <D44045CD-B874-3A27-9A61-F131D99AACE4> /Users/saba/Library/Python/3.9/lib/python/site-packages/lightgbm/lib/lib_lightgbm.dylib
  Reason: tried: '/opt/homebrew/opt/libomp/lib/libomp.dylib' (no such file), '/System/Volumes/Preboot/Cryptexes/OS/opt/homebrew/opt/libomp/lib/libomp.dylib' (no such file), '/opt/local/lib/libomp/libomp.dylib' (no such file), '/System/Volumes/Preboot/Cryptexes/OS/opt/local/lib/libomp/libomp.dylib' (no such file), '/opt/homebrew/opt/libomp/lib/libomp.dylib' (no such file), '/System/Volumes/Preboot/Cryptexes/OS/opt/homebrew/opt/libomp/lib/libomp.dylib' (no such file), '/opt/local/lib/libomp/libomp.dylib' (no such file), '/System/Volumes/Preboot/Cryptexes/OS/opt/local/lib/libomp/libomp.dylib' (no such file)
   CatBoost AUC: 0.71953

📊 Fold 4/5
   XGBoost: Error - 
XGBoost Library (libxgboost.dylib) could not be loaded.
Likely causes:
  * OpenMP runtime is not installed
    - vcomp140.dll or libgomp-1.dll for Windows
    - libomp.dylib for Mac OSX
    - libgomp.so for Linux and other UNIX-like OSes
    Mac OSX users: Run `brew install libomp` to install OpenMP runtime.

  * You are running 32-bit Python on a 64-bit OS

Error message(s): ["dlopen(/Users/saba/Library/Python/3.9/lib/python/site-packages/xgboost/lib/libxgboost.dylib, 0x0006): Library not loaded: @rpath/libomp.dylib\n  Referenced from: <89AD948E-E564-3266-867D-7AF89D6488F0> /Users/saba/Library/Python/3.9/lib/python/site-packages/xgboost/lib/libxgboost.dylib\n  Reason: tried: '/opt/homebrew/opt/libomp/lib/libomp.dylib' (no such file), '/System/Volumes/Preboot/Cryptexes/OS/opt/homebrew/opt/libomp/lib/libomp.dylib' (no such file), '/opt/homebrew/opt/libomp/lib/libomp.dylib' (no such file), '/System/Volumes/Preboot/Cryptexes/OS/opt/homebrew/opt/libomp/lib/libomp.dylib' (no such file)"]

   LightGBM: Error - dlopen(/Users/saba/Library/Python/3.9/lib/python/site-packages/lightgbm/lib/lib_lightgbm.dylib, 0x0006): Library not loaded: @rpath/libomp.dylib
  Referenced from: <D44045CD-B874-3A27-9A61-F131D99AACE4> /Users/saba/Library/Python/3.9/lib/python/site-packages/lightgbm/lib/lib_lightgbm.dylib
  Reason: tried: '/opt/homebrew/opt/libomp/lib/libomp.dylib' (no such file), '/System/Volumes/Preboot/Cryptexes/OS/opt/homebrew/opt/libomp/lib/libomp.dylib' (no such file), '/opt/local/lib/libomp/libomp.dylib' (no such file), '/System/Volumes/Preboot/Cryptexes/OS/opt/local/lib/libomp/libomp.dylib' (no such file), '/opt/homebrew/opt/libomp/lib/libomp.dylib' (no such file), '/System/Volumes/Preboot/Cryptexes/OS/opt/homebrew/opt/libomp/lib/libomp.dylib' (no such file), '/opt/local/lib/libomp/libomp.dylib' (no such file), '/System/Volumes/Preboot/Cryptexes/OS/opt/local/lib/libomp/libomp.dylib' (no such file)
   CatBoost AUC: 0.71924

📊 Fold 5/5
   XGBoost: Error - 
XGBoost Library (libxgboost.dylib) could not be loaded.
Likely causes:
  * OpenMP runtime is not installed
    - vcomp140.dll or libgomp-1.dll for Windows
    - libomp.dylib for Mac OSX
    - libgomp.so for Linux and other UNIX-like OSes
    Mac OSX users: Run `brew install libomp` to install OpenMP runtime.

  * You are running 32-bit Python on a 64-bit OS

Error message(s): ["dlopen(/Users/saba/Library/Python/3.9/lib/python/site-packages/xgboost/lib/libxgboost.dylib, 0x0006): Library not loaded: @rpath/libomp.dylib\n  Referenced from: <89AD948E-E564-3266-867D-7AF89D6488F0> /Users/saba/Library/Python/3.9/lib/python/site-packages/xgboost/lib/libxgboost.dylib\n  Reason: tried: '/opt/homebrew/opt/libomp/lib/libomp.dylib' (no such file), '/System/Volumes/Preboot/Cryptexes/OS/opt/homebrew/opt/libomp/lib/libomp.dylib' (no such file), '/opt/homebrew/opt/libomp/lib/libomp.dylib' (no such file), '/System/Volumes/Preboot/Cryptexes/OS/opt/homebrew/opt/libomp/lib/libomp.dylib' (no such file)"]

   LightGBM: Error - dlopen(/Users/saba/Library/Python/3.9/lib/python/site-packages/lightgbm/lib/lib_lightgbm.dylib, 0x0006): Library not loaded: @rpath/libomp.dylib
  Referenced from: <D44045CD-B874-3A27-9A61-F131D99AACE4> /Users/saba/Library/Python/3.9/lib/python/site-packages/lightgbm/lib/lib_lightgbm.dylib
  Reason: tried: '/opt/homebrew/opt/libomp/lib/libomp.dylib' (no such file), '/System/Volumes/Preboot/Cryptexes/OS/opt/homebrew/opt/libomp/lib/libomp.dylib' (no such file), '/opt/local/lib/libomp/libomp.dylib' (no such file), '/System/Volumes/Preboot/Cryptexes/OS/opt/local/lib/libomp/libomp.dylib' (no such file), '/opt/homebrew/opt/libomp/lib/libomp.dylib' (no such file), '/System/Volumes/Preboot/Cryptexes/OS/opt/homebrew/opt/libomp/lib/libomp.dylib' (no such file), '/opt/local/lib/libomp/libomp.dylib' (no such file), '/System/Volumes/Preboot/Cryptexes/OS/opt/local/lib/libomp/libomp.dylib' (no such file)
   CatBoost AUC: 0.70798

======================================================================
📊 RESULTS
======================================================================

Cross-Validation Scores (Sample Dataset):
Traceback (most recent call last):
  File "/Users/saba/Desktop/diabetes-kaggle-comp/run_full_pipeline.py", line 362, in <module>
    print(f"  XGBoost  CV AUC: {cv_xgb:.5f} (std: {np.std(scores_xgb):.5f if len(scores_xgb) > 0 else 0:.5f})")
ValueError: Invalid format specifier
